2025-02-20 11:05:43.002249: Function 'divide' started with args: (10, 0), kwargs: {}
2025-02-20 11:05:43.002322: Function 'divide' raised an error: ZeroDivisionError with args: (10, 0), kwargs: {}. Error message: division by zero
